sssssss................................................................. [  6%]
........................................................................ [ 13%]
........................................................................ [ 20%]
........................................................................ [ 27%]
........................................................................ [ 34%]
........................................................................ [ 41%]
........................................................................ [ 48%]
........................................................................ [ 55%]
........................................................................ [ 62%]
........................................................................ [ 69%]
........................................................................ [ 76%]
........................................................................ [ 83%]
........................................................................ [ 90%]
........................................................................ [ 97%]
.............................                                            [100%]
============================== warnings summary ===============================
tests/test_crawler.py::test_crawl_jd_bytedance_job_detail_handler
  D:\ResuAlign-Lite\src\resualign\crawler.py:1115: MarkupResemblesLocatorWarning: The input looks more like a filename than markup. You may want to open this file and pass the filehandle into Beautiful Soup.
    fragment = BeautifulSoup(text, "html.parser")

-- Docs: https://docs.pytest.org/en/stable/how-to/capture-warnings.html
1030 passed, 7 skipped, 1 warning in 280.35s (0:04:40)
