[17:40:57.0.787] desktop done; job final_draft saved
[17:40:58.0.172] mobile workspace mounted; cards: 7f8fe550|accepted|btn=0
[17:40:58.0.284] submit clicked
[17:40:58.0.309] t000 7f8fe550|accepted|btn=0 
[17:40:58.0.540] t001 7f8fe550|accepted|btn=0  toast=对齐任务已排队：fa252d1bdcb0444692eb98e08e4306cd×
[17:40:58.0.773] t002 7f8fe550|accepted|btn=0  toast=对齐任务已排队：fa252d1bdcb0444692eb98e08e4306cd×
[17:40:58.0.003] t003 7f8fe550|accepted|btn=0  toast=对齐任务已排队：fa252d1bdcb0444692eb98e08e4306cd×
[17:40:59.0.245] t004 7f8fe550|accepted|btn=0  toast=对齐任务已排队：fa252d1bdcb0444692eb98e08e4306cd×
[17:40:59.0.474] t005 7f8fe550|accepted|btn=0  toast=对齐任务已排队：fa252d1bdcb0444692eb98e08e4306cd×
[17:40:59.0.703] t006 6a10b989||btn=1  toast=对齐任务已排队：fa252d1bdcb0444692eb98e08e4306cd×
[17:40:59.0.933] t007 6a10b989||btn=1  toast=对齐任务已排队：fa252d1bdcb0444692eb98e08e4306cd×
[17:41:00.0.165] t008 6a10b989||btn=1  toast=对齐任务已排队：fa252d1bdcb0444692eb98e08e4306cd×
[17:41:00.0.390] t009 6a10b989||btn=1  toast=对齐任务已排队：fa252d1bdcb0444692eb98e08e4306cd×
[17:41:00.0.623] t010 6a10b989||btn=1  toast=对齐任务已排队：fa252d1bdcb0444692eb98e08e4306cd×
[17:41:00.0.853] t011 6a10b989||btn=1  toast=对齐任务已排队：fa252d1bdcb0444692eb98e08e4306cd×
[17:41:01.0.079] t012 6a10b989||btn=1  toast=对齐任务已排队：fa252d1bdcb0444692eb98e08e4306cd×
[17:41:01.0.321] t013 6a10b989||btn=1  toast=对齐任务已排队：fa252d1bdcb0444692eb98e08e4306cd×
[17:41:01.0.547] t014 6a10b989||btn=1  toast=对齐任务已排队：fa252d1bdcb0444692eb98e08e4306cd×
[17:41:01.0.773] t015 6a10b989||btn=1  toast=对齐任务已排队：fa252d1bdcb0444692eb98e08e4306cd×
[17:41:01.0.000] t016 6a10b989||btn=1  toast=对齐任务已排队：fa252d1bdcb0444692eb98e08e4306cd×
[17:41:02.0.238] t017 6a10b989||btn=1  toast=对齐任务已排队：fa252d1bdcb0444692eb98e08e4306cd×
[17:41:02.0.466] t018 6a10b989||btn=1  toast=对齐任务已排队：fa252d1bdcb0444692eb98e08e4306cd×
[17:41:02.0.701] t019 6a10b989||btn=1  toast=对齐任务已排队：fa252d1bdcb0444692eb98e08e4306cd×
[17:41:02.0.929] t020 6a10b989||btn=1  toast=对齐任务已排队：fa252d1bdcb0444692eb98e08e4306cd×
[17:41:03.0.154] t021 6a10b989||btn=1  toast=对齐任务已排队：fa252d1bdcb0444692eb98e08e4306cd×
[17:41:03.0.390] t022 6a10b989||btn=1  toast=对齐任务已排队：fa252d1bdcb0444692eb98e08e4306cd×
[17:41:03.0.620] t023 6a10b989||btn=1  toast=对齐任务已排队：fa252d1bdcb0444692eb98e08e4306cd×
[17:41:03.0.851] t024 6a10b989||btn=1  toast=对齐任务已排队：fa252d1bdcb0444692eb98e08e4306cd×
[17:41:04.0.082] t025 6a10b989||btn=1  toast=对齐任务已排队：fa252d1bdcb0444692eb98e08e4306cd×
[17:41:04.0.312] t026 6a10b989||btn=1  toast=对齐任务已排队：fa252d1bdcb0444692eb98e08e4306cd×
[17:41:04.0.547] t027 6a10b989||btn=1  toast=对齐分析完成×
[17:41:04.0.777] t028 6a10b989||btn=1  toast=对齐分析完成×
[17:41:04.0.008] t029 6a10b989||btn=1  toast=对齐分析完成×
[17:41:05.0.237] t030 6a10b989||btn=1  toast=对齐分析完成×
[17:41:05.0.475] t031 6a10b989||btn=1  toast=对齐分析完成×
[17:41:05.0.701] t032 6a10b989||btn=1 
[17:41:05.0.922] t033 6a10b989||btn=1 
[17:41:06.0.144] t034 6a10b989||btn=1 
[17:41:06.0.373] t035 6a10b989||btn=1 
[17:41:06.0.597] t036 6a10b989||btn=1 
[17:41:06.0.822] t037 6a10b989||btn=1 
[17:41:06.0.047] t038 6a10b989||btn=1 
[17:41:07.0.283] t039 6a10b989||btn=1 
[17:41:07.0.513] t040 6a10b989||btn=1 
[17:41:07.0.736] t041 6a10b989||btn=1 
[17:41:07.0.958] t042 6a10b989||btn=1 
[17:41:08.0.180] t043 6a10b989||btn=1 
[17:41:08.0.405] t044 6a10b989||btn=1 
[17:41:08.0.633] t045 6a10b989||btn=1 
[17:41:08.0.862] t046 6a10b989||btn=1 
[17:41:09.0.089] t047 6a10b989||btn=1 
[17:41:09.0.323] t048 6a10b989||btn=1 
[17:41:09.0.550] t049 6a10b989||btn=1 
[17:41:09.0.782] t050 6a10b989||btn=1 
[17:41:09.0.016] t051 6a10b989||btn=1 
[17:41:10.0.243] t052 6a10b989||btn=1 
[17:41:10.0.469] t053 6a10b989||btn=1 
[17:41:10.0.698] t054 6a10b989||btn=1 
[17:41:10.0.926] t055 6a10b989||btn=1 
[17:41:11.0.153] t056 6a10b989||btn=1 
[17:41:11.0.376] t057 6a10b989||btn=1 
[17:41:11.0.601] t058 6a10b989||btn=1 
[17:41:11.0.825] t059 6a10b989||btn=1 
[17:41:12.0.049] t060 6a10b989||btn=1 
[17:41:12.0.275] t061 6a10b989||btn=1 
[17:41:12.0.508] t062 6a10b989||btn=1 
[17:41:12.0.739] t063 6a10b989||btn=1 
[17:41:12.0.962] t064 6a10b989||btn=1 
[17:41:13.0.190] t065 6a10b989||btn=1 
[17:41:13.0.416] t066 6a10b989||btn=1 
[17:41:13.0.646] t067 6a10b989||btn=1 
[17:41:13.0.871] t068 6a10b989||btn=1 
[17:41:14.0.099] t069 6a10b989||btn=1 
[17:41:14.0.331] t070 6a10b989||btn=1 
[17:41:14.0.555] t071 6a10b989||btn=1 
[17:41:14.0.785] t072 6a10b989||btn=1 
[17:41:14.0.009] t073 6a10b989||btn=1 
[17:41:15.0.235] t074 6a10b989||btn=1 
[17:41:15.0.461] t075 6a10b989||btn=1 
[17:41:15.0.686] t076 6a10b989||btn=1 
[17:41:15.0.909] t077 6a10b989||btn=1 
[17:41:16.0.132] t078 6a10b989||btn=1 
[17:41:16.0.357] t079 6a10b989||btn=1 
