PHASE20 SMOKE FAILED: Locator.click: Timeout 30000ms exceeded.
Call log:
  - waiting for locator(".diff-card").first.locator("[data-action=\"accept-bullet\"]")

Traceback (most recent call last):
  File "/repo/.scratch/phase-20/playwright_smoke.py", line 640, in <module>
    main()
  File "/repo/.scratch/phase-20/playwright_smoke.py", line 595, in main
    run_key_path(
  File "/repo/.scratch/phase-20/playwright_smoke.py", line 494, in run_key_path
    first_card.locator('[data-action="accept-bullet"]').click()
  File "/usr/local/lib/python3.12/dist-packages/playwright/sync_api/_generated.py", line 17672, in click
    self._sync(
  File "/usr/local/lib/python3.12/dist-packages/playwright/_impl/_sync_base.py", line 115, in _sync
    return task.result()
           ^^^^^^^^^^^^^
  File "/usr/local/lib/python3.12/dist-packages/playwright/_impl/_locator.py", line 163, in click
    return await self._frame._click(self._selector, strict=True, **params)
           ^^^^^^^^^^^^^^^^^^^^^^^^^^^^^^^^^^^^^^^^^^^^^^^^^^^^^^^^^^^^^^^
  File "/usr/local/lib/python3.12/dist-packages/playwright/_impl/_frame.py", line 591, in _click
    await self._channel.send("click", self._timeout, locals_to_params(locals()))
  File "/usr/local/lib/python3.12/dist-packages/playwright/_impl/_connection.py", line 69, in send
    return await self._connection.wrap_api_call(
           ^^^^^^^^^^^^^^^^^^^^^^^^^^^^^^^^^^^^^
  File "/usr/local/lib/python3.12/dist-packages/playwright/_impl/_connection.py", line 563, in wrap_api_call
    raise rewrite_error(error, f"{parsed_st['apiName']}: {error}") from None
playwright._impl._errors.TimeoutError: Locator.click: Timeout 30000ms exceeded.
Call log:
  - waiting for locator(".diff-card").first.locator("[data-action=\"accept-bullet\"]")

